ERC report (2026-05-11T23:31:37, Encoding UTF8)
Report includes: Errors

***** Sheet /

***** Sheet /NE5532_PreAmp/

***** Sheet /LMC835N_EQ/
[pin_not_connected]: Pin not connected
    ; error
    @(5400 mils, 3400 mils): Symbol U7 Pin 1 [AIN1, Input, Line]
[pin_not_driven]: Input pin not driven by any Output pins
    ; error
    @(5400 mils, 3400 mils): Symbol U7 Pin 1 [AIN1, Input, Line]
[pin_not_connected]: Pin not connected
    ; error
    @(5400 mils, 3500 mils): Symbol U7 Pin 2 [AIN2, Input, Line]
[pin_not_driven]: Input pin not driven by any Output pins
    ; error
    @(5400 mils, 3500 mils): Symbol U7 Pin 2 [AIN2, Input, Line]
[pin_not_connected]: Pin not connected
    ; error
    @(5400 mils, 3600 mils): Symbol U7 Pin 3 [AIN3, Input, Line]
[pin_not_driven]: Input pin not driven by any Output pins
    ; error
    @(5400 mils, 3600 mils): Symbol U7 Pin 3 [AIN3, Input, Line]
[pin_not_connected]: Pin not connected
    ; error
    @(5400 mils, 3700 mils): Symbol U7 Pin 4 [AIN4, Input, Line]
[pin_not_driven]: Input pin not driven by any Output pins
    ; error
    @(5400 mils, 3700 mils): Symbol U7 Pin 4 [AIN4, Input, Line]
[pin_not_connected]: Pin not connected
    ; error
    @(5400 mils, 3800 mils): Symbol U7 Pin 5 [LC1, Bidirectional, Line]
[pin_not_connected]: Pin not connected
    ; error
    @(5400 mils, 3900 mils): Symbol U7 Pin 6 [LC2, Bidirectional, Line]
[pin_not_connected]: Pin not connected
    ; error
    @(5400 mils, 4000 mils): Symbol U7 Pin 7 [LC3, Bidirectional, Line]
[pin_not_connected]: Pin not connected
    ; error
    @(5400 mils, 4100 mils): Symbol U7 Pin 8 [LC4, Bidirectional, Line]
[pin_not_connected]: Pin not connected
    ; error
    @(5400 mils, 4200 mils): Symbol U7 Pin 9 [LC5, Bidirectional, Line]
[pin_not_connected]: Pin not connected
    ; error
    @(5400 mils, 4300 mils): Symbol U7 Pin 10 [LC6, Bidirectional, Line]
[pin_not_connected]: Pin not connected
    ; error
    @(5400 mils, 4400 mils): Symbol U7 Pin 11 [LC7, Bidirectional, Line]
[pin_not_driven]: Input pin not driven by any Output pins
    ; error
    @(5400 mils, 4700 mils): Symbol U7 Pin 14 [CLK, Input, Clock]
[pin_not_driven]: Input pin not driven by any Output pins
    ; error
    @(6750 mils, 3500 mils): Symbol U7 Pin 27 [AIN5, Input, Line]
[pin_not_connected]: Pin not connected
    ; error
    @(6750 mils, 3800 mils): Symbol U7 Pin 24 [LC8, Bidirectional, Line]
[pin_not_connected]: Pin not connected
    ; error
    @(6750 mils, 3900 mils): Symbol U7 Pin 23 [LC9, Bidirectional, Line]
[pin_not_connected]: Pin not connected
    ; error
    @(6750 mils, 4000 mils): Symbol U7 Pin 22 [LC10, Bidirectional, Line]
[pin_not_connected]: Pin not connected
    ; error
    @(6750 mils, 4100 mils): Symbol U7 Pin 21 [LC11, Bidirectional, Line]
[pin_not_connected]: Pin not connected
    ; error
    @(6750 mils, 4200 mils): Symbol U7 Pin 20 [LC12, Bidirectional, Line]
[pin_not_connected]: Pin not connected
    ; error
    @(6750 mils, 4300 mils): Symbol U7 Pin 19 [LC13, Bidirectional, Line]
[pin_not_connected]: Pin not connected
    ; error
    @(6750 mils, 4400 mils): Symbol U7 Pin 18 [LC14, Bidirectional, Line]
[pin_not_driven]: Input pin not driven by any Output pins
    ; error
    @(6750 mils, 4600 mils): Symbol U7 Pin 16 [DATA, Input, Line]
[pin_not_driven]: Input pin not driven by any Output pins
    ; error
    @(6750 mils, 4700 mils): Symbol U7 Pin 15 [STROBE, Input, Line]

***** Sheet /NE5532_Gyrators/
[power_pin_not_driven]: Input Power pin not driven by any Output Power pins
    ; error
    @(11050 mils, 3800 mils): Symbol U12 Pin 8 [V+, Power input, Line]
[power_pin_not_driven]: Input Power pin not driven by any Output Power pins
    ; error
    @(11050 mils, 4400 mils): Symbol U12 Pin 4 [V-, Power input, Line]
[pin_to_pin]: Pins of type Output and Output are connected
    ; error
    @(5550 mils, 9250 mils): Symbol U11 Pin 1 [Output, Line]
    @(8500 mils, 9250 mils): Symbol U11 Pin 7 [Output, Line]

***** Sheet /LED_Display/

***** Sheet /PAM_Speakers/
[pin_not_connected]: Pin not connected
    ; error
    @(4050 mils, 3450 mils): Symbol U8 Pin 5 [SIG, Input, Line]
[pin_not_driven]: Input pin not driven by any Output pins
    ; error
    @(4050 mils, 3450 mils): Symbol U8 Pin 5 [SIG, Input, Line]
[pin_not_connected]: Pin not connected
    ; error
    @(4450 mils, 3150 mils): Symbol U8 Pin 3 [V+, Power input, Line]
[power_pin_not_driven]: Input Power pin not driven by any Output Power pins
    ; error
    @(4450 mils, 3150 mils): Symbol U8 Pin 3 [V+, Power input, Line]
[pin_not_connected]: Pin not connected
    ; error
    @(4050 mils, 3750 mils): Symbol U8 Pin 4 [RLO, Input, Line]
[pin_not_driven]: Input pin not driven by any Output pins
    ; error
    @(4050 mils, 3750 mils): Symbol U8 Pin 4 [RLO, Input, Line]
[pin_not_connected]: Pin not connected
    ; error
    @(4050 mils, 3950 mils): Symbol U8 Pin 7 [REFOUT, Output, Line]
[pin_not_connected]: Pin not connected
    ; error
    @(4050 mils, 4050 mils): Symbol U8 Pin 8 [REFADJ, Input, Line]
[pin_not_driven]: Input pin not driven by any Output pins
    ; error
    @(4050 mils, 4050 mils): Symbol U8 Pin 8 [REFADJ, Input, Line]
[power_pin_not_driven]: Input Power pin not driven by any Output Power pins
    ; error
    @(5100 mils, 2750 mils): Symbol U9 Pin 4 [PVDD, Power input, Line]
[pin_not_connected]: Pin not connected
    ; error
    @(4050 mils, 4250 mils): Symbol U8 Pin 9 [MODE, Input, Line]
[pin_not_driven]: Input pin not driven by any Output pins
    ; error
    @(4050 mils, 4250 mils): Symbol U8 Pin 9 [MODE, Input, Line]
[pin_not_connected]: Pin not connected
    ; error
    @(4850 mils, 3350 mils): Symbol U8 Pin 1 [LED1, Open collector, Line]
[pin_not_connected]: Pin not connected
    ; error
    @(4850 mils, 3450 mils): Symbol U8 Pin 18 [LED2, Open collector, Line]
[pin_not_connected]: Pin not connected
    ; error
    @(4850 mils, 3550 mils): Symbol U8 Pin 17 [LED3, Open collector, Line]
[pin_not_connected]: Pin not connected
    ; error
    @(4850 mils, 3650 mils): Symbol U8 Pin 16 [LED4, Open collector, Line]
[pin_not_connected]: Pin not connected
    ; error
    @(4850 mils, 3750 mils): Symbol U8 Pin 15 [LED5, Open collector, Line]
[pin_not_connected]: Pin not connected
    ; error
    @(4850 mils, 3850 mils): Symbol U8 Pin 14 [LED6, Open collector, Line]
[pin_not_connected]: Pin not connected
    ; error
    @(5300 mils, 3250 mils): Symbol U9 Pin 7 [INL, Input, Line]
[pin_not_driven]: Input pin not driven by any Output pins
    ; error
    @(5300 mils, 3250 mils): Symbol U9 Pin 7 [INL, Input, Line]
[pin_not_connected]: Pin not connected
    ; error
    @(4850 mils, 3950 mils): Symbol U8 Pin 13 [LED7, Open collector, Line]
[pin_not_connected]: Pin not connected
    ; error
    @(4450 mils, 4450 mils): Symbol U8 Pin 2 [V-, Power input, Line]
[power_pin_not_driven]: Input Power pin not driven by any Output Power pins
    ; error
    @(4450 mils, 4450 mils): Symbol U8 Pin 2 [V-, Power input, Line]
[pin_not_connected]: Pin not connected
    ; error
    @(4850 mils, 4050 mils): Symbol U8 Pin 12 [LED8, Open collector, Line]
[pin_not_connected]: Pin not connected
    ; error
    @(4850 mils, 4150 mils): Symbol U8 Pin 11 [LED9, Open collector, Line]
[pin_not_connected]: Pin not connected
    ; error
    @(5500 mils, 3250 mils): Symbol U9 Pin 8 [VREF, Input, Line]
[pin_not_driven]: Input pin not driven by any Output pins
    ; error
    @(5500 mils, 3250 mils): Symbol U9 Pin 8 [VREF, Input, Line]
[pin_not_connected]: Pin not connected
    ; error
    @(4850 mils, 4250 mils): Symbol U8 Pin 10 [LED10, Open collector, Line]
[pin_not_connected]: Pin not connected
    ; error
    @(5700 mils, 3250 mils): Symbol U9 Pin 10 [INR, Input, Line]
[pin_not_driven]: Input pin not driven by any Output pins
    ; error
    @(5700 mils, 3250 mils): Symbol U9 Pin 10 [INR, Input, Line]
[pin_not_connected]: Pin not connected
    ; error
    @(5900 mils, 3250 mils): Symbol U9 Pin 12 [~{SHDN}, Input, Line]
[pin_not_driven]: Input pin not driven by any Output pins
    ; error
    @(5900 mils, 3250 mils): Symbol U9 Pin 12 [~{SHDN}, Input, Line]
[pin_not_connected]: Pin not connected
    ; error
    @(6000 mils, 3250 mils): Symbol U9 Pin 5 [~{MUTE}, Input, Line]
[pin_not_driven]: Input pin not driven by any Output pins
    ; error
    @(6000 mils, 3250 mils): Symbol U9 Pin 5 [~{MUTE}, Input, Line]
[pin_not_connected]: Pin not connected
    ; error
    @(6450 mils, 3650 mils): Symbol U10 Pin 5 [SIG, Input, Line]
[pin_not_driven]: Input pin not driven by any Output pins
    ; error
    @(6450 mils, 3650 mils): Symbol U10 Pin 5 [SIG, Input, Line]
[pin_not_connected]: Pin not connected
    ; error
    @(6450 mils, 3850 mils): Symbol U10 Pin 6 [RHI, Input, Line]
[pin_not_driven]: Input pin not driven by any Output pins
    ; error
    @(6450 mils, 3850 mils): Symbol U10 Pin 6 [RHI, Input, Line]
[pin_not_connected]: Pin not connected
    ; error
    @(6450 mils, 3950 mils): Symbol U10 Pin 4 [RLO, Input, Line]
[pin_not_driven]: Input pin not driven by any Output pins
    ; error
    @(6450 mils, 3950 mils): Symbol U10 Pin 4 [RLO, Input, Line]
[pin_not_connected]: Pin not connected
    ; error
    @(6850 mils, 3350 mils): Symbol U10 Pin 3 [V+, Power input, Line]
[power_pin_not_driven]: Input Power pin not driven by any Output Power pins
    ; error
    @(6850 mils, 3350 mils): Symbol U10 Pin 3 [V+, Power input, Line]
[pin_not_connected]: Pin not connected
    ; error
    @(6450 mils, 4150 mils): Symbol U10 Pin 7 [REFOUT, Output, Line]
[pin_not_connected]: Pin not connected
    ; error
    @(6450 mils, 4250 mils): Symbol U10 Pin 8 [REFADJ, Input, Line]
[pin_not_driven]: Input pin not driven by any Output pins
    ; error
    @(6450 mils, 4250 mils): Symbol U10 Pin 8 [REFADJ, Input, Line]
[pin_not_connected]: Pin not connected
    ; error
    @(6450 mils, 4450 mils): Symbol U10 Pin 9 [MODE, Input, Line]
[pin_not_driven]: Input pin not driven by any Output pins
    ; error
    @(6450 mils, 4450 mils): Symbol U10 Pin 9 [MODE, Input, Line]
[pin_not_connected]: Pin not connected
    ; error
    @(7250 mils, 3550 mils): Symbol U10 Pin 1 [LED1, Open collector, Line]
[pin_not_connected]: Pin not connected
    ; error
    @(7250 mils, 3650 mils): Symbol U10 Pin 18 [LED2, Open collector, Line]
[pin_not_connected]: Pin not connected
    ; error
    @(7250 mils, 3750 mils): Symbol U10 Pin 17 [LED3, Open collector, Line]
[pin_not_connected]: Pin not connected
    ; error
    @(7250 mils, 3850 mils): Symbol U10 Pin 16 [LED4, Open collector, Line]
[pin_not_connected]: Pin not connected
    ; error
    @(7250 mils, 3950 mils): Symbol U10 Pin 15 [LED5, Open collector, Line]
[pin_not_connected]: Pin not connected
    ; error
    @(6850 mils, 4650 mils): Symbol U10 Pin 2 [V-, Power input, Line]
[power_pin_not_driven]: Input Power pin not driven by any Output Power pins
    ; error
    @(6850 mils, 4650 mils): Symbol U10 Pin 2 [V-, Power input, Line]
[pin_not_connected]: Pin not connected
    ; error
    @(7250 mils, 4050 mils): Symbol U10 Pin 14 [LED6, Open collector, Line]
[pin_not_connected]: Pin not connected
    ; error
    @(7250 mils, 4150 mils): Symbol U10 Pin 13 [LED7, Open collector, Line]
[pin_not_connected]: Pin not connected
    ; error
    @(7250 mils, 4250 mils): Symbol U10 Pin 12 [LED8, Open collector, Line]
[pin_not_connected]: Pin not connected
    ; error
    @(7250 mils, 4350 mils): Symbol U10 Pin 11 [LED9, Open collector, Line]
[pin_not_connected]: Pin not connected
    ; error
    @(7250 mils, 4450 mils): Symbol U10 Pin 10 [LED10, Open collector, Line]

 ** ERC messages: 88  Errors 88  Warnings 0

 ** Ignored checks:
    - Global label only appears once in the schematic
    - Four connection points are joined together
    - SPICE model issue
    - Assigned footprint doesn't match footprint filters
